[ethemestudio.com/demo/evani/index.html]
[ethemestudio.com/demo/evani/css/awesome.min.css]
[ethemestudio.com/demo/evani/css/bootstrap.min.css]
[ethemestudio.com/demo/evani/css/swiper.min.css]
[ethemestudio.com/demo/evani/css/unpkg.swiper.css]
[ethemestudio.com/demo/evani/css/leaflet.css]
[ethemestudio.com/demo/evani/css/animate.min.css]
[ethemestudio.com/demo/evani/css/webfonts/all.min.css]
[ethemestudio.com/demo/evani/css/webfonts/fontawesome.min.css]
[backblue.gif]
[fade.gif]
[index.html]
[ethemestudio.com/demo/evani/css/style.css]
[ethemestudio.com/demo/evani/images/head/logo/shape-1.png]
[ethemestudio.com/demo/evani/images/header/logo/logo.png]
[ethemestudio.com/demo/evani/shopping-cart.html]
[ethemestudio.com/demo/evani/images/header/cart/shape-1.png]
[ethemestudio.com/demo/evani/images/header/cart/shape-2.png]
[ethemestudio.com/demo/evani/index_2.html]
[ethemestudio.com/demo/evani/index_3.html]
[ethemestudio.com/demo/evani/shop-with-sidebar.html]
[ethemestudio.com/demo/evani/images/header/shop/shape-1.png]
[ethemestudio.com/demo/evani/collections.html]
[ethemestudio.com/demo/evani/images/header/collection/shape-1.png]
[ethemestudio.com/demo/evani/images/header/collection/shape-2.png]
[ethemestudio.com/demo/evani/images/header/collection/shape-3.png]
[ethemestudio.com/demo/evani/images/header/collection/shape-4.png]
[ethemestudio.com/demo/evani/shop.html]
[ethemestudio.com/demo/evani/all-collections.html]
[ethemestudio.com/demo/evani/single-product.html]
[ethemestudio.com/demo/evani/checkout.html]
[ethemestudio.com/demo/evani/wishlist.html]
[ethemestudio.com/demo/evani/recent-blog.html]
[ethemestudio.com/demo/evani/recent-blog-two.html]
[ethemestudio.com/demo/evani/single-blog.html]
[ethemestudio.com/demo/evani/images/header/product/shape-1.png]
[ethemestudio.com/demo/evani/contact-us.html]
[ethemestudio.com/demo/evani/images/index-1/hero/hero-bg.png]
[ethemestudio.com/demo/evani/images/index-1/hero/shape-b-1.png]
[ethemestudio.com/demo/evani/images/index-1/hero/shape-1.png]
[ethemestudio.com/demo/evani/images/index-1/hero/shape-5.png]
[ethemestudio.com/demo/evani/images/index-1/hero/shape-9.png]
[ethemestudio.com/demo/evani/images/index-1/hero/shape-b-2.png]
[ethemestudio.com/demo/evani/images/index-1/hero/shape-2.png]
[ethemestudio.com/demo/evani/images/index-1/hero/shape-6.png]
[ethemestudio.com/demo/evani/images/index-1/hero/shape-10.png]
[ethemestudio.com/demo/evani/images/index-1/hero/shape-b-3.png]
[ethemestudio.com/demo/evani/images/index-1/hero/shape-3.png]
[ethemestudio.com/demo/evani/images/index-1/hero/shape-7.png]
[ethemestudio.com/demo/evani/images/index-1/hero/shape-11.png]
[ethemestudio.com/demo/evani/images/index-1/hero/shape-b-4.png]
[ethemestudio.com/demo/evani/images/index-1/hero/shape-4.png]
[ethemestudio.com/demo/evani/images/index-1/hero/shape-8.png]
[ethemestudio.com/demo/evani/images/index-1/hero/shape-12.png]
[ethemestudio.com/demo/evani/images/index-1/intro/shape-1.png]
[ethemestudio.com/demo/evani/images/index-1/intro/shape-2.png]
[ethemestudio.com/demo/evani/images/index-1/intro/shape-3.png]
[ethemestudio.com/demo/evani/images/index-1/categories/shape-1.png]
[ethemestudio.com/demo/evani/images/index-1/categories/shape-2.png]
[ethemestudio.com/demo/evani/images/index-1/categories/shape-3.png]
[ethemestudio.com/demo/evani/images/index-1/categories/shape-4.png]
[ethemestudio.com/demo/evani/images/index-1/categories/shape-5.png]
[ethemestudio.com/demo/evani/images/index-1/categories/shape-6.png]
[ethemestudio.com/demo/evani/images/index-1/categories/shape-7.png]
[ethemestudio.com/demo/evani/images/index-1/categories/shape-8.png]
[ethemestudio.com/demo/evani/images/index-1/collection/shape-1.png]
[ethemestudio.com/demo/evani/images/index-1/collection/shape-4.png]
[ethemestudio.com/demo/evani/images/index-1/collection/shape-2.png]
[ethemestudio.com/demo/evani/images/index-1/collection/shape-5.png]
[ethemestudio.com/demo/evani/images/index-1/collection/shape-3.png]
[ethemestudio.com/demo/evani/images/index-1/collection/shape-6.png]
[ethemestudio.com/demo/evani/images/index-1/products/recent/shape-1.png]
[ethemestudio.com/demo/evani/images/index-1/products/recent/shape-2.png]
[ethemestudio.com/demo/evani/images/index-1/products/recent/shape-3.png]
[ethemestudio.com/demo/evani/images/index-1/products/recent/shape-4.png]
[ethemestudio.com/demo/evani/images/index-1/products/recent/shape-5.png]
[ethemestudio.com/demo/evani/images/index-1/products/recent/shape-6.png]
[ethemestudio.com/demo/evani/images/index-1/products/popular/shape-1.png]
[ethemestudio.com/demo/evani/images/index-1/products/popular/shape-2.png]
[ethemestudio.com/demo/evani/images/index-1/products/popular/shape-3.png]
[ethemestudio.com/demo/evani/images/index-1/products/popular/shape-4.png]
[ethemestudio.com/demo/evani/images/index-1/products/popular/shape-5.png]
[ethemestudio.com/demo/evani/images/index-1/products/popular/shape-6.png]
[ethemestudio.com/demo/evani/images/index-1/products/top/shape-1.png]
[ethemestudio.com/demo/evani/images/index-1/products/top/shape-2.png]
[ethemestudio.com/demo/evani/images/index-1/products/top/shape-3.png]
[ethemestudio.com/demo/evani/images/index-1/products/top/shape-4.png]
[ethemestudio.com/demo/evani/images/index-1/products/top/shape-5.png]
[ethemestudio.com/demo/evani/images/index-1/products/top/shape-6.png]
[ethemestudio.com/demo/evani/images/index-1/featured/shape-1.png]
[ethemestudio.com/demo/evani/images/index-1/featured-collection/shape-1.png]
[ethemestudio.com/demo/evani/images/index-1/featured-collection/shape-2.png]
[ethemestudio.com/demo/evani/images/index-1/popular-product/shape-1.png]
[ethemestudio.com/demo/evani/images/index-1/popular-product/shape-2.png]
[ethemestudio.com/demo/evani/images/index-1/popular-product/shape-3.png]
[ethemestudio.com/demo/evani/images/index-1/popular-product/shape-4.png]
[ethemestudio.com/demo/evani/images/index-1/popular-product/shape-5.png]
[ethemestudio.com/demo/evani/images/index-1/popular-product/shape-6.png]
[ethemestudio.com/demo/evani/images/index-1/brand/shape-1.png]
[ethemestudio.com/demo/evani/images/index-1/brand/shape-2.png]
[ethemestudio.com/demo/evani/images/index-1/brand/shape-3.png]
[ethemestudio.com/demo/evani/images/index-1/brand/shape-4.png]
[ethemestudio.com/demo/evani/images/index-1/brand/shape-5.png]
[ethemestudio.com/demo/evani/images/index-1/brand/shape-6.png]
[ethemestudio.com/demo/evani/images/index-1/brand/shape-7.png]
[ethemestudio.com/demo/evani/images/index-1/brand/shape-8.png]
[ethemestudio.com/demo/evani/images/index-1/brand/shape-9.png]
[ethemestudio.com/demo/evani/images/index-1/testimonial/author-1.png]
[ethemestudio.com/demo/evani/images/index-1/testimonial/quot/shape-1.png]
[ethemestudio.com/demo/evani/images/index-1/testimonial/author-2.png]
[ethemestudio.com/demo/evani/images/index-1/testimonial/quot/shape-2.png]
[ethemestudio.com/demo/evani/images/index-1/testimonial/author-3.png]
[ethemestudio.com/demo/evani/images/index-1/testimonial/quot/shape-3.png]
[ethemestudio.com/demo/evani/images/index-1/testimonial/author-4.png]
[ethemestudio.com/demo/evani/images/index-1/testimonial/quot/shape-4.png]
[ethemestudio.com/demo/evani/images/index-1/testimonial/author-5.png]
[ethemestudio.com/demo/evani/images/index-1/testimonial/quot/shape-5.png]
[ethemestudio.com/demo/evani/images/index-1/testimonial/author-6.png]
[ethemestudio.com/demo/evani/images/index-1/testimonial/quot/shape-6.png]
[ethemestudio.com/demo/evani/images/index-1/testimonial/author-7.png]
[ethemestudio.com/demo/evani/images/index-1/testimonial/quot/shape-7.png]
[ethemestudio.com/demo/evani/images/index-1/testimonial/author-8.png]
[ethemestudio.com/demo/evani/images/index-1/testimonial/quot/shape-8.png]
[ethemestudio.com/demo/evani/images/index-1/blog/shape-1.png]
[ethemestudio.com/demo/evani/images/index-1/blog/shape-2.png]
[ethemestudio.com/demo/evani/images/index-1/blog/shape-3.png]
[ethemestudio.com/demo/evani/images/index-1/blog/shape-4.png]
[ethemestudio.com/demo/evani/images/index-1/blog/shape-5.png]
[ethemestudio.com/demo/evani/images/index-1/blog/shape-6.png]
[ethemestudio.com/demo/evani/images/footer/logo/shape-1.png]
[ethemestudio.com/demo/evani/images/footer/post/shape-1.png]
[ethemestudio.com/demo/evani/images/footer/post/shape-2.png]
[ethemestudio.com/demo/evani/js/jquery-min.js]
[ethemestudio.com/demo/evani/js/jquery-ui.js]
[ethemestudio.com/demo/evani/js/popper.js]
[ethemestudio.com/demo/evani/js/bootstrop-min.js]
[ethemestudio.com/demo/evani/js/swiper.js]
[ethemestudio.com/demo/evani/js/mmenu.js]
[ethemestudio.com/demo/evani/js/leaflet.js]
[ethemestudio.com/demo/evani/js/script.js]
[ethemestudio.com/demo/evani/index.html]
[ethemestudio.com/demo/evani/webfonts/fa-brands-400.woff2]
[ethemestudio.com/demo/evani/webfonts/fa-brands-400.ttf]
[ethemestudio.com/demo/evani/webfonts/fa-regular-400.woff2]
[ethemestudio.com/demo/evani/webfonts/fa-regular-400.ttf]
[ethemestudio.com/demo/evani/webfonts/fa-solid-900.woff2]
[ethemestudio.com/demo/evani/webfonts/fa-solid-900.ttf]
[ethemestudio.com/demo/evani/webfonts/fa-v4compatibility.woff2]
[ethemestudio.com/demo/evani/webfonts/fa-v4compatibility.ttf]
[ethemestudio.com/demo/evani/css/awesome.min.css]
[ethemestudio.com/demo/evani/css/bootstrap.min.css]
[ethemestudio.com/demo/evani/css/swiper.min.css]
[ethemestudio.com/demo/evani/css/unpkg.swiper.css]
[ethemestudio.com/demo/evani/css/images/layers.png]
[ethemestudio.com/demo/evani/css/images/layers-2x.png]
[ethemestudio.com/demo/evani/css/images/marker-icon.png]
[ethemestudio.com/demo/evani/css/leaflet.css]
[ethemestudio.com/demo/evani/css/animate.min.css]
[ethemestudio.com/demo/evani/css/webfonts/fa-brands-400.woff2]
[ethemestudio.com/demo/evani/css/webfonts/fa-regular-400.woff2]
[ethemestudio.com/demo/evani/css/webfonts/fa-brands-400.ttf]
[ethemestudio.com/demo/evani/css/webfonts/fa-regular-400.ttf]
[ethemestudio.com/demo/evani/css/webfonts/fa-solid-900.woff2]
[ethemestudio.com/demo/evani/css/webfonts/fa-solid-900.ttf]
[ethemestudio.com/demo/evani/css/webfonts/fa-v4compatibility.woff2]
[ethemestudio.com/demo/evani/css/webfonts/fa-v4compatibility.ttf]
[ethemestudio.com/demo/evani/css/webfonts/all.min.css]
[ethemestudio.com/demo/evani/css/webfonts/fontawesome.min.css]
[ethemestudio.com/demo/evani/images/index-1/featured/shape-bg.png]
[ethemestudio.com/demo/evani/css/style.css]
[ethemestudio.com/demo/evani/images/common-banner/shape-1.png]
[ethemestudio.com/demo/evani/images/shopping-cart/shape-1.png]
[ethemestudio.com/demo/evani/images/shopping-cart/shape-2.png]
[ethemestudio.com/demo/evani/images/shopping-cart/shape-3.png]
[ethemestudio.com/demo/evani/shopping-cart.html]
[ethemestudio.com/demo/evani/images/index-2/hero/hero-bg.png]
[ethemestudio.com/demo/evani/images/index-2/hero/shape-1.png]
[ethemestudio.com/demo/evani/images/index-2/hero/shape-2.png]
[ethemestudio.com/demo/evani/images/index-2/hero/shape-3.png]
[ethemestudio.com/demo/evani/images/index-2/hero/shape-4.png]
[ethemestudio.com/demo/evani/images/index-2/intro/shape-1.png]
[ethemestudio.com/demo/evani/images/index-2/intro/shape-2.png]
[ethemestudio.com/demo/evani/images/index-2/intro/shape-3.png]
[ethemestudio.com/demo/evani/images/index-2/intro/shape-4.png]
[ethemestudio.com/demo/evani/images/index-2/categories/shape-1.png]
[ethemestudio.com/demo/evani/images/index-2/categories/shape-2.png]
[ethemestudio.com/demo/evani/images/index-2/categories/shape-3.png]
[ethemestudio.com/demo/evani/images/index-2/categories/shape-4.png]
[ethemestudio.com/demo/evani/images/index-2/categories/shape-5.png]
[ethemestudio.com/demo/evani/images/index-2/categories/shape-6.png]
[ethemestudio.com/demo/evani/images/index-2/categories/shape-7.png]
[ethemestudio.com/demo/evani/images/index-2/categories/shape-8.png]
[ethemestudio.com/demo/evani/images/index-2/collection/shape-1.png]
[ethemestudio.com/demo/evani/images/index-2/collection/shape-2.png]
[ethemestudio.com/demo/evani/images/index-2/collection/shape-3.png]
[ethemestudio.com/demo/evani/images/index-2/collection/shape-4.png]
[ethemestudio.com/demo/evani/images/index-2/collection/shape-5.png]
[ethemestudio.com/demo/evani/images/index-2/product/product-bg.png]
[ethemestudio.com/demo/evani/images/index-2/product/shape-1.png]
[ethemestudio.com/demo/evani/images/index-2/product/shape-2.png]
[ethemestudio.com/demo/evani/images/index-2/product/shape-3.png]
[ethemestudio.com/demo/evani/images/index-2/product/shape-4.png]
[ethemestudio.com/demo/evani/images/index-2/product/shape-5.png]
[ethemestudio.com/demo/evani/images/index-2/product/shape-6.png]
[ethemestudio.com/demo/evani/images/index-2/featured/shape-1.png]
[ethemestudio.com/demo/evani/images/index-2/featured/shape-2.png]
[ethemestudio.com/demo/evani/images/index-2/featured/shape-3.png]
[ethemestudio.com/demo/evani/images/index-2/featured/shape-4.png]
[ethemestudio.com/demo/evani/images/index-2/featured/shape-5.png]
[ethemestudio.com/demo/evani/images/index-2/featured/shape-6.png]
[ethemestudio.com/demo/evani/images/index-2/featured/shape-7.png]
[ethemestudio.com/demo/evani/images/index-2/featured/shape-8.png]
[ethemestudio.com/demo/evani/images/index-2/featured/shape-9.png]
[ethemestudio.com/demo/evani/images/index-2/featured/shape-10.png]
[ethemestudio.com/demo/evani/images/index-2/featured/shape-11.png]
[ethemestudio.com/demo/evani/images/index-2/featured/shape-12.png]
[ethemestudio.com/demo/evani/images/index-2/featured/shape-13.png]
[ethemestudio.com/demo/evani/images/index-2/featured/shape-14.png]
[ethemestudio.com/demo/evani/images/index-2/featured/shape-15.png]
[ethemestudio.com/demo/evani/images/index-2/featured/shape-16.png]
[ethemestudio.com/demo/evani/images/index-2/featured/shape-17.png]
[ethemestudio.com/demo/evani/images/index-2/featured/shape-18.png]
[ethemestudio.com/demo/evani/images/index-2/featured/shape-19.png]
[ethemestudio.com/demo/evani/images/index-2/featured/shape-20.png]
[ethemestudio.com/demo/evani/images/index-2/featured/shape-21.png]
[ethemestudio.com/demo/evani/images/index-2/featured/shape-22.png]
[ethemestudio.com/demo/evani/images/index-2/featured/shape-23.png]
[ethemestudio.com/demo/evani/images/index-2/featured/shape-24.png]
[ethemestudio.com/demo/evani/images/index-2/featured/shape-25.png]
[ethemestudio.com/demo/evani/images/index-2/featured/shape-26.png]
[ethemestudio.com/demo/evani/images/index-2/featured/shape-27.png]
[ethemestudio.com/demo/evani/images/index-2/featured/shape-28.png]
[ethemestudio.com/demo/evani/images/index-2/featured/shape-29.png]
[ethemestudio.com/demo/evani/images/index-2/featured/shape-30.png]
[ethemestudio.com/demo/evani/images/index-2/featured/shape-31.png]
[ethemestudio.com/demo/evani/images/index-2/featured/shape-32.png]
[ethemestudio.com/demo/evani/images/index-2/featured/shape-33.png]
[ethemestudio.com/demo/evani/images/index-2/featured/shape-34.png]
[ethemestudio.com/demo/evani/images/index-2/featured/shape-35.png]
[ethemestudio.com/demo/evani/images/index-2/featured/shape-36.png]
[ethemestudio.com/demo/evani/images/index-2/timmer/shape-1.png]
[ethemestudio.com/demo/evani/images/index-2/testimonial/quot/shape-1.png]
[ethemestudio.com/demo/evani/images/index-2/testimonial/shape-1.png]
[ethemestudio.com/demo/evani/images/index-2/testimonial/quot/shape-2.png]
[ethemestudio.com/demo/evani/images/index-2/testimonial/shape-2.png]
[ethemestudio.com/demo/evani/images/index-2/testimonial/quot/shape-3.png]
[ethemestudio.com/demo/evani/images/index-2/testimonial/shape-3.png]
[ethemestudio.com/demo/evani/images/index-2/testimonial/quot/shape-4.png]
[ethemestudio.com/demo/evani/images/index-2/testimonial/shape-4.png]
[ethemestudio.com/demo/evani/images/index-2/testimonial/quot/shape-5.png]
[ethemestudio.com/demo/evani/images/index-2/testimonial/shape-5.png]
[ethemestudio.com/demo/evani/images/index-2/testimonial/quot/shape-6.png]
[ethemestudio.com/demo/evani/images/index-2/testimonial/shape-6.png]
[ethemestudio.com/demo/evani/images/index-2/testimonial/quot/shape-7.png]
[ethemestudio.com/demo/evani/images/index-2/testimonial/shape-7.png]
[ethemestudio.com/demo/evani/images/index-2/updates/shape-1.png]
[ethemestudio.com/demo/evani/images/index-2/blog/shape-1.png]
[ethemestudio.com/demo/evani/images/index-2/blog/shape-2.png]
[ethemestudio.com/demo/evani/images/index-2/blog/shape-3.png]
[ethemestudio.com/demo/evani/images/index-2/blog/shape-4.png]
[ethemestudio.com/demo/evani/images/index-2/blog/shape-5.png]
[ethemestudio.com/demo/evani/images/index-2/brand/shape-1.png]
[ethemestudio.com/demo/evani/images/index-2/brand/shape-2.png]
[ethemestudio.com/demo/evani/images/index-2/brand/shape-3.png]
[ethemestudio.com/demo/evani/images/index-2/brand/shape-4.png]
[ethemestudio.com/demo/evani/images/index-2/brand/shape-5.png]
[ethemestudio.com/demo/evani/images/index-2/brand/shape-6.png]
[ethemestudio.com/demo/evani/images/index-2/brand/shape-7.png]
[ethemestudio.com/demo/evani/images/index-2/brand/shape-8.png]
[ethemestudio.com/demo/evani/images/index-2/brand/shape-9.png]
[ethemestudio.com/demo/evani/index_2.html]
[ethemestudio.com/demo/evani/images/index-3/hero/hero-bg.png]
[ethemestudio.com/demo/evani/images/index-3/hero/shape-1.png]
[ethemestudio.com/demo/evani/images/index-3/hero/shape-2.png]
[ethemestudio.com/demo/evani/images/index-3/hero/shape-3.png]
[ethemestudio.com/demo/evani/images/index-3/intro/shape-1.png]
[ethemestudio.com/demo/evani/images/index-3/intro/shape-2.png]
[ethemestudio.com/demo/evani/images/index-3/intro/shape-3.png]
[ethemestudio.com/demo/evani/images/index-3/products/recent/shape-1.png]
[ethemestudio.com/demo/evani/images/index-3/products/recent/shape-2.png]
[ethemestudio.com/demo/evani/images/index-3/products/recent/shape-3.png]
[ethemestudio.com/demo/evani/images/index-3/products/recent/shape-4.png]
[ethemestudio.com/demo/evani/images/index-3/products/recent/shape-5.png]
[ethemestudio.com/demo/evani/images/index-3/products/recent/shape-6.png]
[ethemestudio.com/demo/evani/images/index-3/products/popular/shape-1.png]
[ethemestudio.com/demo/evani/images/index-3/products/popular/shape-2.png]
[ethemestudio.com/demo/evani/images/index-3/products/popular/shape-3.png]
[ethemestudio.com/demo/evani/images/index-3/products/popular/shape-4.png]
[ethemestudio.com/demo/evani/images/index-3/products/popular/shape-5.png]
[ethemestudio.com/demo/evani/images/index-3/products/popular/shape-6.png]
[ethemestudio.com/demo/evani/images/index-3/products/top/shape-1.png]
[ethemestudio.com/demo/evani/images/index-3/products/top/shape-2.png]
[ethemestudio.com/demo/evani/images/index-3/products/top/shape-3.png]
[ethemestudio.com/demo/evani/images/index-3/products/top/shape-4.png]
[ethemestudio.com/demo/evani/images/index-3/products/top/shape-5.png]
[ethemestudio.com/demo/evani/images/index-3/products/top/shape-6.png]
[ethemestudio.com/demo/evani/images/index-3/featured-products/shape-bg-1.png]
[ethemestudio.com/demo/evani/images/index-3/featured-products/shape-1.png]
[ethemestudio.com/demo/evani/images/index-3/featured-products/shape-bg-2.png]
[ethemestudio.com/demo/evani/images/index-3/featured-products/shape-2.png]
[ethemestudio.com/demo/evani/images/index-3/featured-products/shape-bg-3.png]
[ethemestudio.com/demo/evani/images/index-3/featured-products/shape-3.png]
[ethemestudio.com/demo/evani/images/index-3/featured/shape-1.png]
[ethemestudio.com/demo/evani/images/index-3/featured/shape-2.png]
[ethemestudio.com/demo/evani/images/index-3/featured/shape-3.png]
[ethemestudio.com/demo/evani/images/index-3/featured/shape-4.png]
[ethemestudio.com/demo/evani/images/index-3/featured/shape-5.png]
[ethemestudio.com/demo/evani/images/index-3/featured/shape-6.png]
[ethemestudio.com/demo/evani/images/index-3/featured/shape-7.png]
[ethemestudio.com/demo/evani/images/index-3/featured/shape-8.png]
[ethemestudio.com/demo/evani/images/index-3/featured/shape-9.png]
[ethemestudio.com/demo/evani/images/index-3/featured/shape-10.png]
[ethemestudio.com/demo/evani/images/index-3/featured/shape-11.png]
[ethemestudio.com/demo/evani/images/index-3/featured/shape-12.png]
[ethemestudio.com/demo/evani/images/index-3/featured/shape-13.png]
[ethemestudio.com/demo/evani/images/index-3/featured/shape-14.png]
[ethemestudio.com/demo/evani/images/index-3/featured/shape-15.png]
[ethemestudio.com/demo/evani/images/index-3/featured/shape-16.png]
[ethemestudio.com/demo/evani/images/index-3/featured/shape-17.png]
[ethemestudio.com/demo/evani/images/index-3/featured/shape-18.png]
[ethemestudio.com/demo/evani/images/index-3/featured/shape-19.png]
[ethemestudio.com/demo/evani/images/index-3/featured/shape-20.png]
[ethemestudio.com/demo/evani/images/index-3/featured/shape-21.png]
[ethemestudio.com/demo/evani/images/index-3/featured/shape-22.png]
[ethemestudio.com/demo/evani/images/index-3/featured/shape-23.png]
[ethemestudio.com/demo/evani/images/index-3/featured/shape-24.png]
[ethemestudio.com/demo/evani/images/index-3/featured/shape-25.png]
[ethemestudio.com/demo/evani/images/index-3/featured/shape-26.png]
[ethemestudio.com/demo/evani/images/index-3/featured/shape-27.png]
[ethemestudio.com/demo/evani/images/index-3/featured/shape-28.png]
[ethemestudio.com/demo/evani/images/index-3/featured/shape-29.png]
[ethemestudio.com/demo/evani/images/index-3/featured/shape-30.png]
[ethemestudio.com/demo/evani/images/index-3/featured/shape-31.png]
[ethemestudio.com/demo/evani/images/index-3/featured/shape-32.png]
[ethemestudio.com/demo/evani/images/index-3/featured/shape-33.png]
[ethemestudio.com/demo/evani/images/index-3/featured/shape-34.png]
[ethemestudio.com/demo/evani/images/index-3/featured/shape-35.png]
[ethemestudio.com/demo/evani/images/index-3/featured/shape-36.png]
[ethemestudio.com/demo/evani/images/index-3/testimonial/common/shape-bg-1.png]
[ethemestudio.com/demo/evani/images/index-3/testimonial/common/shape-bg-2.png]
[ethemestudio.com/demo/evani/images/index-3/testimonial/shape-1.png]
[ethemestudio.com/demo/evani/images/index-3/testimonial/shape-2.png]
[ethemestudio.com/demo/evani/images/index-3/testimonial/shape-3.png]
[ethemestudio.com/demo/evani/images/index-3/testimonial/shape-4.png]
[ethemestudio.com/demo/evani/images/index-3/testimonial/shape-5.png]
[ethemestudio.com/demo/evani/images/index-3/testimonial/shape-6.png]
[ethemestudio.com/demo/evani/images/index-3/testimonial/shape-7.png]
[ethemestudio.com/demo/evani/images/index-3/testimonial/shape-8.png]
[ethemestudio.com/demo/evani/images/index-3/testimonial/common/shap-1.png]
[ethemestudio.com/demo/evani/images/index-3/testimonial/slider/shape-1.png]
[ethemestudio.com/demo/evani/images/index-3/testimonial/slider/shape-2.png]
[ethemestudio.com/demo/evani/images/index-3/testimonial/slider/shape-3.png]
[ethemestudio.com/demo/evani/images/index-3/blog/shape-1.png]
[ethemestudio.com/demo/evani/images/index-3/blog/shape-2.png]
[ethemestudio.com/demo/evani/images/index-3/blog/shape-3.png]
[ethemestudio.com/demo/evani/images/index-3/blog/shape-4.png]
[ethemestudio.com/demo/evani/images/index-3/blog/shape-5.png]
[ethemestudio.com/demo/evani/images/index-3/blog/shape-6.png]
[ethemestudio.com/demo/evani/images/index-3/social/shape-1.png]
[ethemestudio.com/demo/evani/images/index-3/social/shape-2.png]
[ethemestudio.com/demo/evani/images/index-3/social/shape-3.png]
[ethemestudio.com/demo/evani/images/index-3/social/shape-4.png]
[ethemestudio.com/demo/evani/images/index-3/social/shape-5.png]
[ethemestudio.com/demo/evani/images/index-3/social/shape-6.png]
[ethemestudio.com/demo/evani/images/index-3/social/shape-7.png]
[ethemestudio.com/demo/evani/images/index-3/social/shape-8.png]
[ethemestudio.com/demo/evani/images/index-3/featured-icon/shape-1.png]
[ethemestudio.com/demo/evani/images/index-3/featured-icon/shape-2.png]
[ethemestudio.com/demo/evani/images/index-3/featured-icon/shape-3.png]
[ethemestudio.com/demo/evani/index_3.html]
[ethemestudio.com/demo/evani/images/shop-sidebar/post/shape-1.png]
[ethemestudio.com/demo/evani/images/shop-sidebar/post/shape-2.png]
[ethemestudio.com/demo/evani/images/shop-sidebar/post/shape-3.png]
[ethemestudio.com/demo/evani/images/shop-sidebar/product-1/shape-1.png]
[ethemestudio.com/demo/evani/images/shop-sidebar/product-1/shape-2.png]
[ethemestudio.com/demo/evani/images/shop-sidebar/product-1/shape-3.png]
[ethemestudio.com/demo/evani/images/shop-sidebar/product-1/shape-4.png]
[ethemestudio.com/demo/evani/images/shop-sidebar/product-1/shape-5.png]
[ethemestudio.com/demo/evani/images/shop-sidebar/product-1/shape-6.png]
[ethemestudio.com/demo/evani/images/shop-sidebar/product-1/shape-7.png]
[ethemestudio.com/demo/evani/images/shop-sidebar/product-1/shape-8.png]
[ethemestudio.com/demo/evani/images/shop-sidebar/product-1/shape-9.png]
[ethemestudio.com/demo/evani/images/shop-sidebar/product-2/shape-1.png]
[ethemestudio.com/demo/evani/images/shop-sidebar/product-2/shape-2.png]
[ethemestudio.com/demo/evani/images/shop-sidebar/product-2/shape-3.png]
[ethemestudio.com/demo/evani/images/shop-sidebar/product-2/shape-4.png]
[ethemestudio.com/demo/evani/images/shop-sidebar/product-2/shape-5.png]
[ethemestudio.com/demo/evani/images/shop-sidebar/product-2/shape-6.png]
[ethemestudio.com/demo/evani/images/shop-sidebar/product-2/shape-7.png]
[ethemestudio.com/demo/evani/images/shop-sidebar/product-2/shape-8.png]
[ethemestudio.com/demo/evani/images/shop-sidebar/product-2/shape-9.png]
[ethemestudio.com/demo/evani/shop-with-sidebar.html]
[ethemestudio.com/demo/evani/images/collection/shape-1.png]
[ethemestudio.com/demo/evani/images/collection/shape-2.png]
[ethemestudio.com/demo/evani/images/collection/shape-3.png]
[ethemestudio.com/demo/evani/images/collection/shape-4.png]
[ethemestudio.com/demo/evani/images/collection/shape-5.png]
[ethemestudio.com/demo/evani/images/collection/shape-6.png]
[ethemestudio.com/demo/evani/images/collection/shape-7.png]
[ethemestudio.com/demo/evani/images/collection/shape-8.png]
[ethemestudio.com/demo/evani/images/collection/shape-9.png]
[ethemestudio.com/demo/evani/images/collection/shape-10.png]
[ethemestudio.com/demo/evani/images/collection/shape-11.png]
[ethemestudio.com/demo/evani/images/collection/shape-12.png]
[ethemestudio.com/demo/evani/collections.html]
[ethemestudio.com/demo/evani/images/shop/product-1/shape-1.png]
[ethemestudio.com/demo/evani/images/shop/product-1/shape-2.png]
[ethemestudio.com/demo/evani/images/shop/product-1/shape-3.png]
[ethemestudio.com/demo/evani/images/shop/product-1/shape-4.png]
[ethemestudio.com/demo/evani/images/shop/product-1/shape-5.png]
[ethemestudio.com/demo/evani/images/shop/product-1/shape-6.png]
[ethemestudio.com/demo/evani/images/shop/product-1/shape-7.png]
[ethemestudio.com/demo/evani/images/shop/product-1/shape-8.png]
[ethemestudio.com/demo/evani/images/shop/product-1/shape-9.png]
[ethemestudio.com/demo/evani/images/shop/product-2/shape-1.png]
[ethemestudio.com/demo/evani/images/shop/product-2/shape-2.png]
[ethemestudio.com/demo/evani/images/shop/product-2/shape-3.png]
[ethemestudio.com/demo/evani/images/shop/product-2/shape-4.png]
[ethemestudio.com/demo/evani/images/shop/product-2/shape-5.png]
[ethemestudio.com/demo/evani/images/shop/product-2/shape-6.png]
[ethemestudio.com/demo/evani/images/shop/product-2/shape-7.png]
[ethemestudio.com/demo/evani/images/shop/product-2/shape-8.png]
[ethemestudio.com/demo/evani/images/shop/product-2/shape-9.png]
[ethemestudio.com/demo/evani/shop.html]
[ethemestudio.com/demo/evani/images/all-collection/product-1/shape-1.png]
[ethemestudio.com/demo/evani/images/all-collection/product-1/shape-2.png]
[ethemestudio.com/demo/evani/images/all-collection/product-1/shape-3.png]
[ethemestudio.com/demo/evani/images/all-collection/product-1/shape-4.png]
[ethemestudio.com/demo/evani/images/all-collection/product-1/shape-5.png]
[ethemestudio.com/demo/evani/images/all-collection/product-1/shape-6.png]
[ethemestudio.com/demo/evani/images/all-collection/product-1/shape-7.png]
[ethemestudio.com/demo/evani/images/all-collection/product-1/shape-8.png]
[ethemestudio.com/demo/evani/images/all-collection/product-1/shape-9.png]
[ethemestudio.com/demo/evani/images/all-collection/product-1/shape-10.png]
[ethemestudio.com/demo/evani/images/all-collection/product-1/shape-11.png]
[ethemestudio.com/demo/evani/images/all-collection/product-1/shape-12.png]
[ethemestudio.com/demo/evani/images/all-collection/product-2/shape-1.png]
[ethemestudio.com/demo/evani/images/all-collection/product-2/shape-2.png]
[ethemestudio.com/demo/evani/images/all-collection/product-2/shape-3.png]
[ethemestudio.com/demo/evani/images/all-collection/product-2/shape-4.png]
[ethemestudio.com/demo/evani/images/all-collection/product-2/shape-5.png]
[ethemestudio.com/demo/evani/images/all-collection/product-2/shape-6.png]
[ethemestudio.com/demo/evani/images/all-collection/product-2/shape-7.png]
[ethemestudio.com/demo/evani/images/all-collection/product-2/shape-8.png]
[ethemestudio.com/demo/evani/images/all-collection/product-2/shape-9.png]
[ethemestudio.com/demo/evani/images/all-collection/product-2/shape-10.png]
[ethemestudio.com/demo/evani/images/all-collection/product-2/shape-11.png]
[ethemestudio.com/demo/evani/images/all-collection/product-2/shape-12.png]
[ethemestudio.com/demo/evani/all-collections.html]
[ethemestudio.com/demo/evani/images/single-product/products/shape-1.png]
[ethemestudio.com/demo/evani/images/single-product/products/shape-2.png]
[ethemestudio.com/demo/evani/images/single-product/products/shape-3.png]
[ethemestudio.com/demo/evani/images/single-product/products/shape-4.png]
[ethemestudio.com/demo/evani/images/single-product/products/shape-5.png]
[ethemestudio.com/demo/evani/images/single-product/review/shape-1.png]
[ethemestudio.com/demo/evani/images/single-product/review/shape-2.png]
[ethemestudio.com/demo/evani/images/single-product/review/shape-3.png]
[ethemestudio.com/demo/evani/images/single-product/review/shape-4.png]
[ethemestudio.com/demo/evani/images/single-product/popular-product/shape-1.png]
[ethemestudio.com/demo/evani/images/single-product/popular-product/shape-2.png]
[ethemestudio.com/demo/evani/images/single-product/popular-product/shape-3.png]
[ethemestudio.com/demo/evani/images/single-product/popular-product/shape-4.png]
[ethemestudio.com/demo/evani/images/single-product/popular-product/shape-5.png]
[ethemestudio.com/demo/evani/images/single-product/popular-product/shape-6.png]
[ethemestudio.com/demo/evani/single-product.html]
[ethemestudio.com/demo/evani/checkout.html]
[ethemestudio.com/demo/evani/images/wishlist/shape-1.png]
[ethemestudio.com/demo/evani/images/wishlist/shape-2.png]
[ethemestudio.com/demo/evani/images/wishlist/shape-3.png]
[ethemestudio.com/demo/evani/images/wishlist/shape-4.png]
[ethemestudio.com/demo/evani/images/wishlist/shape-5.png]
[ethemestudio.com/demo/evani/wishlist.html]
[ethemestudio.com/demo/evani/images/blog/recent-blog/shape-1.png]
[ethemestudio.com/demo/evani/images/blog/recent-blog/shape-2.png]
[ethemestudio.com/demo/evani/images/blog/recent-blog/shape-3.png]
[ethemestudio.com/demo/evani/images/blog/more/shape-1.png]
[ethemestudio.com/demo/evani/images/blog/sidebar-post/shape-1.png]
[ethemestudio.com/demo/evani/images/blog/sidebar-post/shape-2.png]
[ethemestudio.com/demo/evani/images/blog/sidebar-post/shape-3.png]
[ethemestudio.com/demo/evani/images/blog/tag/shape-1.png]
[ethemestudio.com/demo/evani/images/blog/tag/shape-2.png]
[ethemestudio.com/demo/evani/images/blog/tag/shape-3.png]
[ethemestudio.com/demo/evani/images/blog/tag/shape-4.png]
[ethemestudio.com/demo/evani/images/blog/tag/shape-5.png]
[ethemestudio.com/demo/evani/images/blog/tag/shape-6.png]
[ethemestudio.com/demo/evani/recent-blog.html]
[ethemestudio.com/demo/evani/images/blog-2/recent/shape-1.png]
[ethemestudio.com/demo/evani/images/blog-2/recent/shape-2.png]
[ethemestudio.com/demo/evani/images/blog-2/recent/shape-3.png]
[ethemestudio.com/demo/evani/images/blog-2/recent/shape-4.png]
[ethemestudio.com/demo/evani/images/blog-2/recent/shape-5.png]
[ethemestudio.com/demo/evani/images/blog-2/more/shape-1.png]
[ethemestudio.com/demo/evani/images/blog-2/sidebar-post/shape-1.png]
[ethemestudio.com/demo/evani/images/blog-2/sidebar-post/shape-2.png]
[ethemestudio.com/demo/evani/images/blog-2/sidebar-post/shape-3.png]
[ethemestudio.com/demo/evani/images/blog-2/tag/shape-1.png]
[ethemestudio.com/demo/evani/images/blog-2/tag/shape-2.png]
[ethemestudio.com/demo/evani/images/blog-2/tag/shape-3.png]
[ethemestudio.com/demo/evani/images/blog-2/tag/shape-4.png]
[ethemestudio.com/demo/evani/images/blog-2/tag/shape-5.png]
[ethemestudio.com/demo/evani/images/blog-2/tag/shape-6.png]
[ethemestudio.com/demo/evani/recent-blog-two.html]
[ethemestudio.com/demo/evani/images/single-blog/details/shape-1.png]
[ethemestudio.com/demo/evani/images/single-blog/quot/shape-1.png]
[ethemestudio.com/demo/evani/images/single-blog/author/shape-1.png]
[ethemestudio.com/demo/evani/images/single-blog/comment/shape-1.png]
[ethemestudio.com/demo/evani/images/single-blog/comment/shape-2.png]
[ethemestudio.com/demo/evani/images/single-blog/comment/shape-3.png]
[ethemestudio.com/demo/evani/images/single-blog/comment/shape-4.png]
[ethemestudio.com/demo/evani/images/single-blog/more/shape-1.png]
[ethemestudio.com/demo/evani/images/single-blog/sidebar-post/shape-1.png]
[ethemestudio.com/demo/evani/images/single-blog/sidebar-post/shape-2.png]
[ethemestudio.com/demo/evani/images/single-blog/sidebar-post/shape-3.png]
[ethemestudio.com/demo/evani/images/single-blog/tag/shape-1.png]
[ethemestudio.com/demo/evani/images/single-blog/tag/shape-2.png]
[ethemestudio.com/demo/evani/images/single-blog/tag/shape-3.png]
[ethemestudio.com/demo/evani/images/single-blog/tag/shape-4.png]
[ethemestudio.com/demo/evani/images/single-blog/tag/shape-5.png]
[ethemestudio.com/demo/evani/images/single-blog/tag/shape-6.png]
[ethemestudio.com/demo/evani/single-blog.html]
[ethemestudio.com/demo/evani/contact-us.html]
[ethemestudio.com/demo/evani/js/jquery-min.js]
[ethemestudio.com/demo/evani/js/jquery-ui.js]
[ethemestudio.com/demo/evani/js/popper.js]
[ethemestudio.com/demo/evani/js/bootstrop-min.js]
[ethemestudio.com/demo/evani/Version/index.html]
[ethemestudio.com/demo/evani/e]
[ethemestudio.com/demo/evani/t.params.url]
[ethemestudio.com/demo/evani/js/swiper.js]
[ethemestudio.com/demo/evani/js/mmenu.js]
[ethemestudio.com/demo/evani/js/leaflet.js]
[ethemestudio.com/demo/evani/js/script.js]
[ethemestudio.com/demo/evani/webfonts/fa-brands-400.html]
[ethemestudio.com/demo/evani/webfonts/fa-brands-401.html]
[ethemestudio.com/demo/evani/webfonts/fa-regular-400.html]
[ethemestudio.com/demo/evani/webfonts/fa-regular-401.html]
[ethemestudio.com/demo/evani/webfonts/fa-solid-900.html]
[ethemestudio.com/demo/evani/webfonts/fa-solid-901.html]
[ethemestudio.com/demo/evani/webfonts/fa-v4compatibility.html]
[ethemestudio.com/demo/evani/webfonts/fa-v4compatibility-2.html]
[ethemestudio.com/demo/evani/css/images/layers.html]
[ethemestudio.com/demo/evani/css/images/layers-2x.html]
[ethemestudio.com/demo/evani/css/images/marker-icon.html]
[ethemestudio.com/demo/evani/Version/index.html]
[ethemestudio.com/demo/evani/e.html]
[ethemestudio.com/demo/evani/t.params.html]
[{s}.tile.openstreetmap.org/{z}/{x}/{y}.png]
